reading time: 0.0147419
Temporarily switching from 12 to 32 threads
source=1024 sink=1025
t1 = 0.00165105
t2 = 0.012825
t3 = 9.53674e-07
t4 = 0.00045085
t5 = 0.00238705
t6 = 0.0156059
init time: 0.0330799
Switching back to 12 threads
after 0 iterations:
  nodes                                         1026
  edges                                       523775
  sink excess                                      0

  active nodes                                  1022
  average active                                 n/a

  global relabels                                  0
  gaps (disabled)                                  0

  total time                                    0.00
  * source time                                 0.00
  * glrel time                                  0.00
  * phase1 time                                 0.00
  * phase2 time                                 0.00
  * phase3 time                                 0.00
  * phase4 time                                 0.00
  * phase5 time                                 0.00
  * phase6 time                                 0.00
  * phase7 time                                 0.00
  * phase8 time                                 0.00
  * groupBy time 1                              0.00
  * groupBy time 2                              0.00
  * groupBy time 3                              0.00
  * gap heuristic time                          0.00
  groupBy avg                                   -nan
  groupBy min                             1073741824
  glrel work / iters                            -nan
  discharges                                       0
  relabels                                         0
  relabels / discharge                          -nan

global relabeling (low = 0) ... BFS end time 0.00 diameter 2
done
global relabeling (low = 0) ... BFS end time 0.00 diameter 3
done
global relabeling (low = 0) ... BFS end time 0.00 diameter 3
done
global relabeling (low = 0) ... BFS end time 0.00 diameter 3
done
Falling back to sequential after 0.01
global relabeling (low = 0) ... BFS end time 0.00 diameter 20
done
Back to parallel after 0.01
Falling back to sequential after 0.01
Back to parallel after 0.01
global relabeling (low = 0) ... BFS end time 0.00 diameter 7
done
Falling back to sequential after 0.01
global relabeling (low = 0) ... BFS end time 0.00 diameter 1
done
after 73 iterations:
  nodes                                         1026
  edges                                       523775
  sink excess                               51032666

  active nodes                                     0
  average active                           48.150685

  global relabels                                  7
  gaps (disabled)                                  0

  total time                                    0.01
  * source time                                 0.00
  * glrel time                                  0.01
  * phase1 time                                 0.00
  * phase2 time                                 0.00
  * phase3 time                                 0.00
  * phase4 time                                 0.00
  * phase5 time                                 0.00
  * phase6 time                                 0.00
  * phase7 time                                 0.00
  * phase8 time                                 0.01
  * groupBy time 1                              0.00
  * groupBy time 2                              0.00
  * groupBy time 3                              0.00
  * gap heuristic time                          0.00
  groupBy avg                                   -nan
  groupBy min                             1073741824
  glrel work / iters                       130209.36
  discharges                                    3515
  relabels                                      1513
  relabels / discharge                          0.43

Resetting number of threads to 12
PBBS-time: 0.015
flow=51032666
deinit time: 0.000
Temporarily switching from 12 to 32 threads
source=1024 sink=1025
t1 = 0.000
t2 = 0.012
t3 = 0.000
t4 = 0.001
t5 = 0.001
t6 = 0.006
init time: 0.020
Switching back to 12 threads
after 0 iterations:
  nodes                                         1026
  edges                                       523775
  sink excess                                      0

  active nodes                                  1022
  average active                                 n/a

  global relabels                                  0
  gaps (disabled)                                  0

  total time                                    0.01
  * source time                                 0.01
  * glrel time                                  0.00
  * phase1 time                                 0.00
  * phase2 time                                 0.00
  * phase3 time                                 0.00
  * phase4 time                                 0.00
  * phase5 time                                 0.00
  * phase6 time                                 0.00
  * phase7 time                                 0.00
  * phase8 time                                 0.00
  * groupBy time 1                              0.00
  * groupBy time 2                              0.00
  * groupBy time 3                              0.00
  * gap heuristic time                          0.00
  groupBy avg                                   -nan
  groupBy min                             1073741824
  glrel work / iters                            -nan
  discharges                                       0
  relabels                                         0
  relabels / discharge                          -nan

global relabeling (low = 0) ... BFS end time 0.03 diameter 2
done
global relabeling (low = 0) ... BFS end time 0.00 diameter 3
done
global relabeling (low = 0) ... BFS end time 0.00 diameter 3
done
global relabeling (low = 0) ... BFS end time 0.00 diameter 3
done
Falling back to sequential after 0.05
global relabeling (low = 0) ... BFS end time 0.00 diameter 20
done
Back to parallel after 0.05
Falling back to sequential after 0.05
Back to parallel after 0.06
global relabeling (low = 0) ... BFS end time 0.00 diameter 7
done
Falling back to sequential after 0.06
global relabeling (low = 0) ... BFS end time 0.00 diameter 1
done
after 73 iterations:
  nodes                                         1026
  edges                                       523775
  sink excess                               51032666

  active nodes                                     0
  average active                           48.150685

  global relabels                                  7
  gaps (disabled)                                  0

  total time                                    0.06
  * source time                                 0.01
  * glrel time                                  0.05
  * phase1 time                                 0.00
  * phase2 time                                 0.00
  * phase3 time                                 0.00
  * phase4 time                                 0.00
  * phase5 time                                 0.00
  * phase6 time                                 0.00
  * phase7 time                                 0.00
  * phase8 time                                 0.00
  * groupBy time 1                              0.00
  * groupBy time 2                              0.00
  * groupBy time 3                              0.00
  * gap heuristic time                          0.00
  groupBy avg                                   -nan
  groupBy min                             1073741824
  glrel work / iters                       130209.36
  discharges                                    3515
  relabels                                      1513
  relabels / discharge                          0.43

Resetting number of threads to 12
PBBS-time: 0.056
flow=51032666
deinit time: 0.000
Temporarily switching from 12 to 32 threads
source=1024 sink=1025
t1 = 0.000
t2 = 0.012
t3 = 0.000
t4 = 0.000
t5 = 0.001
t6 = 0.004
init time: 0.018
Switching back to 12 threads
after 0 iterations:
  nodes                                         1026
  edges                                       523775
  sink excess                                      0

  active nodes                                  1022
  average active                                 n/a

  global relabels                                  0
  gaps (disabled)                                  0

  total time                                    0.00
  * source time                                 0.00
  * glrel time                                  0.00
  * phase1 time                                 0.00
  * phase2 time                                 0.00
  * phase3 time                                 0.00
  * phase4 time                                 0.00
  * phase5 time                                 0.00
  * phase6 time                                 0.00
  * phase7 time                                 0.00
  * phase8 time                                 0.00
  * groupBy time 1                              0.00
  * groupBy time 2                              0.00
  * groupBy time 3                              0.00
  * gap heuristic time                          0.00
  groupBy avg                                   -nan
  groupBy min                             1073741824
  glrel work / iters                            -nan
  discharges                                       0
  relabels                                         0
  relabels / discharge                          -nan

global relabeling (low = 0) ... BFS end time 0.00 diameter 2
done
global relabeling (low = 0) ... BFS end time 0.00 diameter 3
done
global relabeling (low = 0) ... BFS end time 0.00 diameter 3
done
global relabeling (low = 0) ... BFS end time 0.00 diameter 3
done
Falling back to sequential after 0.01
global relabeling (low = 0) ... BFS end time 0.00 diameter 20
done
Back to parallel after 0.01
Falling back to sequential after 0.01
Back to parallel after 0.01
global relabeling (low = 0) ... BFS end time 0.00 diameter 7
done
Falling back to sequential after 0.02
global relabeling (low = 0) ... BFS end time 0.00 diameter 1
done
after 73 iterations:
  nodes                                         1026
  edges                                       523775
  sink excess                               51032666

  active nodes                                     0
  average active                           48.150685

  global relabels                                  7
  gaps (disabled)                                  0

  total time                                    0.02
  * source time                                 0.00
  * glrel time                                  0.01
  * phase1 time                                 0.00
  * phase2 time                                 0.00
  * phase3 time                                 0.00
  * phase4 time                                 0.00
  * phase5 time                                 0.00
  * phase6 time                                 0.00
  * phase7 time                                 0.00
  * phase8 time                                 0.00
  * groupBy time 1                              0.00
  * groupBy time 2                              0.00
  * groupBy time 3                              0.00
  * gap heuristic time                          0.00
  groupBy avg                                   -nan
  groupBy min                             1073741824
  glrel work / iters                       130209.36
  discharges                                    3515
  relabels                                      1513
  relabels / discharge                          0.43

Resetting number of threads to 12
PBBS-time: 0.016
flow=51032666
deinit time: 0.000
Temporarily switching from 12 to 32 threads
source=1024 sink=1025
t1 = 0.000
t2 = 0.012
t3 = 0.000
t4 = 0.000
t5 = 0.001
t6 = 0.004
init time: 0.019
Switching back to 12 threads
after 0 iterations:
  nodes                                         1026
  edges                                       523775
  sink excess                                      0

  active nodes                                  1022
  average active                                 n/a

  global relabels                                  0
  gaps (disabled)                                  0

  total time                                    0.00
  * source time                                 0.00
  * glrel time                                  0.00
  * phase1 time                                 0.00
  * phase2 time                                 0.00
  * phase3 time                                 0.00
  * phase4 time                                 0.00
  * phase5 time                                 0.00
  * phase6 time                                 0.00
  * phase7 time                                 0.00
  * phase8 time                                 0.00
  * groupBy time 1                              0.00
  * groupBy time 2                              0.00
  * groupBy time 3                              0.00
  * gap heuristic time                          0.00
  groupBy avg                                   -nan
  groupBy min                             1073741824
  glrel work / iters                            -nan
  discharges                                       0
  relabels                                         0
  relabels / discharge                          -nan

global relabeling (low = 0) ... BFS end time 0.00 diameter 2
done
global relabeling (low = 0) ... BFS end time 0.00 diameter 3
done
global relabeling (low = 0) ... BFS end time 0.00 diameter 3
done
global relabeling (low = 0) ... BFS end time 0.00 diameter 3
done
Falling back to sequential after 0.00
global relabeling (low = 0) ... BFS end time 0.00 diameter 20
done
Back to parallel after 0.01
Falling back to sequential after 0.01
Back to parallel after 0.01
global relabeling (low = 0) ... BFS end time 0.00 diameter 7
done
Falling back to sequential after 0.01
global relabeling (low = 0) ... BFS end time 0.00 diameter 1
done
after 73 iterations:
  nodes                                         1026
  edges                                       523775
  sink excess                               51032666

  active nodes                                     0
  average active                           48.150685

  global relabels                                  7
  gaps (disabled)                                  0

  total time                                    0.01
  * source time                                 0.00
  * glrel time                                  0.01
  * phase1 time                                 0.00
  * phase2 time                                 0.00
  * phase3 time                                 0.00
  * phase4 time                                 0.00
  * phase5 time                                 0.00
  * phase6 time                                 0.00
  * phase7 time                                 0.00
  * phase8 time                                 0.00
  * groupBy time 1                              0.00
  * groupBy time 2                              0.00
  * groupBy time 3                              0.00
  * gap heuristic time                          0.00
  groupBy avg                                   -nan
  groupBy min                             1073741824
  glrel work / iters                       130209.36
  discharges                                    3515
  relabels                                      1513
  relabels / discharge                          0.43

Resetting number of threads to 12
PBBS-time: 0.010
flow=51032666
deinit time: 0.000
Temporarily switching from 12 to 32 threads
source=1024 sink=1025
t1 = 0.000
t2 = 0.013
t3 = 0.000
t4 = 0.000
t5 = 0.001
t6 = 0.004
init time: 0.019
Switching back to 12 threads
after 0 iterations:
  nodes                                         1026
  edges                                       523775
  sink excess                                      0

  active nodes                                  1022
  average active                                 n/a

  global relabels                                  0
  gaps (disabled)                                  0

  total time                                    0.00
  * source time                                 0.00
  * glrel time                                  0.00
  * phase1 time                                 0.00
  * phase2 time                                 0.00
  * phase3 time                                 0.00
  * phase4 time                                 0.00
  * phase5 time                                 0.00
  * phase6 time                                 0.00
  * phase7 time                                 0.00
  * phase8 time                                 0.00
  * groupBy time 1                              0.00
  * groupBy time 2                              0.00
  * groupBy time 3                              0.00
  * gap heuristic time                          0.00
  groupBy avg                                   -nan
  groupBy min                             1073741824
  glrel work / iters                            -nan
  discharges                                       0
  relabels                                         0
  relabels / discharge                          -nan

global relabeling (low = 0) ... BFS end time 0.00 diameter 2
done
global relabeling (low = 0) ... BFS end time 0.00 diameter 3
done
global relabeling (low = 0) ... BFS end time 0.00 diameter 3
done
global relabeling (low = 0) ... BFS end time 0.00 diameter 3
done
Falling back to sequential after 0.01
global relabeling (low = 0) ... BFS end time 0.00 diameter 20
done
Back to parallel after 0.01
Falling back to sequential after 0.01
Back to parallel after 0.01
global relabeling (low = 0) ... BFS end time 0.00 diameter 7
done
Falling back to sequential after 0.01
global relabeling (low = 0) ... BFS end time 0.00 diameter 1
done
after 73 iterations:
  nodes                                         1026
  edges                                       523775
  sink excess                               51032666

  active nodes                                     0
  average active                           48.150685

  global relabels                                  7
  gaps (disabled)                                  0

  total time                                    0.01
  * source time                                 0.00
  * glrel time                                  0.01
  * phase1 time                                 0.00
  * phase2 time                                 0.00
  * phase3 time                                 0.00
  * phase4 time                                 0.00
  * phase5 time                                 0.00
  * phase6 time                                 0.00
  * phase7 time                                 0.00
  * phase8 time                                 0.00
  * groupBy time 1                              0.00
  * groupBy time 2                              0.00
  * groupBy time 3                              0.00
  * gap heuristic time                          0.00
  groupBy avg                                   -nan
  groupBy min                             1073741824
  glrel work / iters                       130209.36
  discharges                                    3515
  relabels                                      1513
  relabels / discharge                          0.43

Resetting number of threads to 12
PBBS-time: 0.011
flow=51032666
deinit time: 0.000
Temporarily switching from 12 to 32 threads
source=1024 sink=1025
t1 = 0.000
t2 = 0.012
t3 = 0.000
t4 = 0.000
t5 = 0.001
t6 = 0.005
init time: 0.019
Switching back to 12 threads
after 0 iterations:
  nodes                                         1026
  edges                                       523775
  sink excess                                      0

  active nodes                                  1022
  average active                                 n/a

  global relabels                                  0
  gaps (disabled)                                  0

  total time                                    0.00
  * source time                                 0.00
  * glrel time                                  0.00
  * phase1 time                                 0.00
  * phase2 time                                 0.00
  * phase3 time                                 0.00
  * phase4 time                                 0.00
  * phase5 time                                 0.00
  * phase6 time                                 0.00
  * phase7 time                                 0.00
  * phase8 time                                 0.00
  * groupBy time 1                              0.00
  * groupBy time 2                              0.00
  * groupBy time 3                              0.00
  * gap heuristic time                          0.00
  groupBy avg                                   -nan
  groupBy min                             1073741824
  glrel work / iters                            -nan
  discharges                                       0
  relabels                                         0
  relabels / discharge                          -nan

global relabeling (low = 0) ... BFS end time 0.00 diameter 2
done
global relabeling (low = 0) ... BFS end time 0.00 diameter 3
done
global relabeling (low = 0) ... BFS end time 0.00 diameter 3
done
global relabeling (low = 0) ... BFS end time 0.00 diameter 3
done
Falling back to sequential after 0.01
global relabeling (low = 0) ... BFS end time 0.00 diameter 20
done
Back to parallel after 0.01
Falling back to sequential after 0.01
Back to parallel after 0.01
global relabeling (low = 0) ... BFS end time 0.00 diameter 7
done
Falling back to sequential after 0.01
global relabeling (low = 0) ... BFS end time 0.00 diameter 1
done
after 73 iterations:
  nodes                                         1026
  edges                                       523775
  sink excess                               51032666

  active nodes                                     0
  average active                           48.150685

  global relabels                                  7
  gaps (disabled)                                  0

  total time                                    0.01
  * source time                                 0.00
  * glrel time                                  0.01
  * phase1 time                                 0.00
  * phase2 time                                 0.00
  * phase3 time                                 0.00
  * phase4 time                                 0.00
  * phase5 time                                 0.00
  * phase6 time                                 0.00
  * phase7 time                                 0.00
  * phase8 time                                 0.00
  * groupBy time 1                              0.00
  * groupBy time 2                              0.00
  * groupBy time 3                              0.00
  * gap heuristic time                          0.00
  groupBy avg                                   -nan
  groupBy min                             1073741824
  glrel work / iters                       130209.36
  discharges                                    3515
  relabels                                      1513
  relabels / discharge                          0.43

Resetting number of threads to 12
PBBS-time: 0.012
flow=51032666
deinit time: 0.000
Temporarily switching from 12 to 32 threads
source=1024 sink=1025
t1 = 0.000
t2 = 0.012
t3 = 0.000
t4 = 0.000
t5 = 0.001
t6 = 0.004
init time: 0.018
Switching back to 12 threads
after 0 iterations:
  nodes                                         1026
  edges                                       523775
  sink excess                                      0

  active nodes                                  1022
  average active                                 n/a

  global relabels                                  0
  gaps (disabled)                                  0

  total time                                    0.01
  * source time                                 0.01
  * glrel time                                  0.00
  * phase1 time                                 0.00
  * phase2 time                                 0.00
  * phase3 time                                 0.00
  * phase4 time                                 0.00
  * phase5 time                                 0.00
  * phase6 time                                 0.00
  * phase7 time                                 0.00
  * phase8 time                                 0.00
  * groupBy time 1                              0.00
  * groupBy time 2                              0.00
  * groupBy time 3                              0.00
  * gap heuristic time                          0.00
  groupBy avg                                   -nan
  groupBy min                             1073741824
  glrel work / iters                            -nan
  discharges                                       0
  relabels                                         0
  relabels / discharge                          -nan

global relabeling (low = 0) ... BFS end time 0.00 diameter 2
done
global relabeling (low = 0) ... BFS end time 0.00 diameter 3
done
global relabeling (low = 0) ... BFS end time 0.00 diameter 3
done
global relabeling (low = 0) ... BFS end time 0.00 diameter 3
done
Falling back to sequential after 0.01
global relabeling (low = 0) ... BFS end time 0.00 diameter 20
done
Back to parallel after 0.02
Falling back to sequential after 0.02
Back to parallel after 0.02
global relabeling (low = 0) ... BFS end time 0.00 diameter 7
done
Falling back to sequential after 0.02
global relabeling (low = 0) ... BFS end time 0.00 diameter 1
done
after 73 iterations:
  nodes                                         1026
  edges                                       523775
  sink excess                               51032666

  active nodes                                     0
  average active                           48.150685

  global relabels                                  7
  gaps (disabled)                                  0

  total time                                    0.02
  * source time                                 0.01
  * glrel time                                  0.01
  * phase1 time                                 0.00
  * phase2 time                                 0.00
  * phase3 time                                 0.00
  * phase4 time                                 0.00
  * phase5 time                                 0.00
  * phase6 time                                 0.00
  * phase7 time                                 0.00
  * phase8 time                                 0.01
  * groupBy time 1                              0.00
  * groupBy time 2                              0.00
  * groupBy time 3                              0.00
  * gap heuristic time                          0.00
  groupBy avg                                   -nan
  groupBy min                             1073741824
  glrel work / iters                       130209.36
  discharges                                    3515
  relabels                                      1513
  relabels / discharge                          0.43

Resetting number of threads to 12
PBBS-time: 0.021
flow=51032666
deinit time: 0.000
Temporarily switching from 12 to 32 threads
source=1024 sink=1025
t1 = 0.000
t2 = 0.011
t3 = 0.000
t4 = 0.000
t5 = 0.001
t6 = 0.006
init time: 0.019
Switching back to 12 threads
after 0 iterations:
  nodes                                         1026
  edges                                       523775
  sink excess                                      0

  active nodes                                  1022
  average active                                 n/a

  global relabels                                  0
  gaps (disabled)                                  0

  total time                                    0.00
  * source time                                 0.00
  * glrel time                                  0.00
  * phase1 time                                 0.00
  * phase2 time                                 0.00
  * phase3 time                                 0.00
  * phase4 time                                 0.00
  * phase5 time                                 0.00
  * phase6 time                                 0.00
  * phase7 time                                 0.00
  * phase8 time                                 0.00
  * groupBy time 1                              0.00
  * groupBy time 2                              0.00
  * groupBy time 3                              0.00
  * gap heuristic time                          0.00
  groupBy avg                                   -nan
  groupBy min                             1073741824
  glrel work / iters                            -nan
  discharges                                       0
  relabels                                         0
  relabels / discharge                          -nan

global relabeling (low = 0) ... BFS end time 0.00 diameter 2
done
global relabeling (low = 0) ... BFS end time 0.00 diameter 3
done
global relabeling (low = 0) ... BFS end time 0.00 diameter 3
done
global relabeling (low = 0) ... BFS end time 0.00 diameter 3
done
Falling back to sequential after 0.01
global relabeling (low = 0) ... BFS end time 0.00 diameter 20
done
Back to parallel after 0.02
Falling back to sequential after 0.02
Back to parallel after 0.02
global relabeling (low = 0) ... BFS end time 0.00 diameter 7
done
Falling back to sequential after 0.02
global relabeling (low = 0) ... BFS end time 0.00 diameter 1
done
after 73 iterations:
  nodes                                         1026
  edges                                       523775
  sink excess                               51032666

  active nodes                                     0
  average active                           48.150685

  global relabels                                  7
  gaps (disabled)                                  0

  total time                                    0.02
  * source time                                 0.00
  * glrel time                                  0.01
  * phase1 time                                 0.00
  * phase2 time                                 0.00
  * phase3 time                                 0.00
  * phase4 time                                 0.00
  * phase5 time                                 0.00
  * phase6 time                                 0.00
  * phase7 time                                 0.00
  * phase8 time                                 0.00
  * groupBy time 1                              0.00
  * groupBy time 2                              0.00
  * groupBy time 3                              0.00
  * gap heuristic time                          0.00
  groupBy avg                                   -nan
  groupBy min                             1073741824
  glrel work / iters                       130209.36
  discharges                                    3515
  relabels                                      1513
  relabels / discharge                          0.43

Resetting number of threads to 12
PBBS-time: 0.017
flow=51032666
deinit time: 0.000
Temporarily switching from 12 to 32 threads
source=1024 sink=1025
t1 = 0.000
t2 = 0.012
t3 = 0.000
t4 = 0.000
t5 = 0.001
t6 = 0.003
init time: 0.018
Switching back to 12 threads
after 0 iterations:
  nodes                                         1026
  edges                                       523775
  sink excess                                      0

  active nodes                                  1022
  average active                                 n/a

  global relabels                                  0
  gaps (disabled)                                  0

  total time                                    0.00
  * source time                                 0.00
  * glrel time                                  0.00
  * phase1 time                                 0.00
  * phase2 time                                 0.00
  * phase3 time                                 0.00
  * phase4 time                                 0.00
  * phase5 time                                 0.00
  * phase6 time                                 0.00
  * phase7 time                                 0.00
  * phase8 time                                 0.00
  * groupBy time 1                              0.00
  * groupBy time 2                              0.00
  * groupBy time 3                              0.00
  * gap heuristic time                          0.00
  groupBy avg                                   -nan
  groupBy min                             1073741824
  glrel work / iters                            -nan
  discharges                                       0
  relabels                                         0
  relabels / discharge                          -nan

global relabeling (low = 0) ... BFS end time 0.00 diameter 2
done
global relabeling (low = 0) ... BFS end time 0.00 diameter 3
done
global relabeling (low = 0) ... BFS end time 0.00 diameter 3
done
global relabeling (low = 0) ... BFS end time 0.00 diameter 3
done
Falling back to sequential after 0.01
global relabeling (low = 0) ... BFS end time 0.00 diameter 20
done
Back to parallel after 0.01
Falling back to sequential after 0.01
Back to parallel after 0.01
global relabeling (low = 0) ... BFS end time 0.00 diameter 7
done
Falling back to sequential after 0.01
global relabeling (low = 0) ... BFS end time 0.00 diameter 1
done
after 73 iterations:
  nodes                                         1026
  edges                                       523775
  sink excess                               51032666

  active nodes                                     0
  average active                           48.150685

  global relabels                                  7
  gaps (disabled)                                  0

  total time                                    0.01
  * source time                                 0.00
  * glrel time                                  0.01
  * phase1 time                                 0.00
  * phase2 time                                 0.00
  * phase3 time                                 0.00
  * phase4 time                                 0.00
  * phase5 time                                 0.00
  * phase6 time                                 0.00
  * phase7 time                                 0.00
  * phase8 time                                 0.00
  * groupBy time 1                              0.00
  * groupBy time 2                              0.00
  * groupBy time 3                              0.00
  * gap heuristic time                          0.00
  groupBy avg                                   -nan
  groupBy min                             1073741824
  glrel work / iters                       130209.36
  discharges                                    3515
  relabels                                      1513
  relabels / discharge                          0.43

Resetting number of threads to 12
PBBS-time: 0.012
flow=51032666
deinit time: 0.000
Temporarily switching from 12 to 32 threads
source=1024 sink=1025
t1 = 0.000
t2 = 0.011
t3 = 0.000
t4 = 0.000
t5 = 0.001
t6 = 0.003
init time: 0.017
Switching back to 12 threads
after 0 iterations:
  nodes                                         1026
  edges                                       523775
  sink excess                                      0

  active nodes                                  1022
  average active                                 n/a

  global relabels                                  0
  gaps (disabled)                                  0

  total time                                    0.01
  * source time                                 0.01
  * glrel time                                  0.00
  * phase1 time                                 0.00
  * phase2 time                                 0.00
  * phase3 time                                 0.00
  * phase4 time                                 0.00
  * phase5 time                                 0.00
  * phase6 time                                 0.00
  * phase7 time                                 0.00
  * phase8 time                                 0.00
  * groupBy time 1                              0.00
  * groupBy time 2                              0.00
  * groupBy time 3                              0.00
  * gap heuristic time                          0.00
  groupBy avg                                   -nan
  groupBy min                             1073741824
  glrel work / iters                            -nan
  discharges                                       0
  relabels                                         0
  relabels / discharge                          -nan

global relabeling (low = 0) ... BFS end time 0.00 diameter 2
done
global relabeling (low = 0) ... BFS end time 0.00 diameter 3
done
global relabeling (low = 0) ... BFS end time 0.00 diameter 3
done
global relabeling (low = 0) ... BFS end time 0.00 diameter 3
done
Falling back to sequential after 0.01
global relabeling (low = 0) ... BFS end time 0.00 diameter 20
done
Back to parallel after 0.01
Falling back to sequential after 0.01
Back to parallel after 0.01
global relabeling (low = 0) ... BFS end time 0.00 diameter 7
done
Falling back to sequential after 0.01
global relabeling (low = 0) ... BFS end time 0.00 diameter 1
done
after 73 iterations:
  nodes                                         1026
  edges                                       523775
  sink excess                               51032666

  active nodes                                     0
  average active                           48.150685

  global relabels                                  7
  gaps (disabled)                                  0

  total time                                    0.01
  * source time                                 0.01
  * glrel time                                  0.01
  * phase1 time                                 0.00
  * phase2 time                                 0.00
  * phase3 time                                 0.00
  * phase4 time                                 0.00
  * phase5 time                                 0.00
  * phase6 time                                 0.00
  * phase7 time                                 0.00
  * phase8 time                                 0.00
  * groupBy time 1                              0.00
  * groupBy time 2                              0.00
  * groupBy time 3                              0.00
  * gap heuristic time                          0.00
  groupBy avg                                   -nan
  groupBy min                             1073741824
  glrel work / iters                       130209.36
  discharges                                    3515
  relabels                                      1513
  relabels / discharge                          0.43

Resetting number of threads to 12
PBBS-time: 0.015
flow=51032666
deinit time: 0.000
